  50/332
  100/332
  150/332
  200/332
  250/332
  300/332
{
  "predictor": "laya[auto,fen]",
  "set": "all",
  "n": 332,
  "mean_options": 33.69578313253012,
  "top1": 0.06325301204819277,
  "top3": 0.1716867469879518,
  "acpl": 379.0210843373494,
  "blunder": 0.5210843373493976,
  "ece": 0.1558671686746988,
  "mean_conf": 0.21912018072289158,
  "latency_median_ms": 691.041550016962,
  "latency_p90_ms": 796.8319999054074,
  "routed_to": [
    "english"
  ],
  "mean_input_tokens": 232.50301204819277
}
  50/332
  100/332
  150/332
  200/332
  250/332
  300/332
{
  "predictor": "laya[auto,fen]",
  "set": "k16",
  "n": 332,
  "mean_options": 15.30722891566265,
  "top1": 0.09337349397590361,
  "top3": 0.26506024096385544,
  "acpl": 414.25,
  "blunder": 0.5662650602409639,
  "ece": 0.1483475903614458,
  "mean_conf": 0.2417210843373494,
  "latency_median_ms": 669.5818000007421,
  "latency_p90_ms": 751.0626001749188,
  "routed_to": [
    "english"
  ],
  "mean_input_tokens": 216.55421686746988
}
  50/332
  100/332
  150/332
  200/332
  250/332
  300/332
{
  "predictor": "laya[auto,text]",
  "set": "k16",
  "n": 332,
  "mean_options": 15.30722891566265,
  "top1": 0.0572289156626506,
  "top3": 0.2319277108433735,
  "acpl": 375.7620481927711,
  "blunder": 0.5240963855421686,
  "ece": 0.4177406626506024,
  "mean_conf": 0.474969578313253,
  "latency_median_ms": 924.3203999940306,
  "latency_p90_ms": 997.866699937731,
  "routed_to": [
    "english"
  ],
  "mean_input_tokens": 298.2198795180723
}
  50/332
  100/332
  150/332
  200/332
  250/332
  300/332
{
  "predictor": "laya[typed-decisions,fen]",
  "set": "k16",
  "n": 332,
  "mean_options": 15.30722891566265,
  "top1": 0.10542168674698796,
  "top3": 0.23493975903614459,
  "acpl": 376.0090361445783,
  "blunder": 0.5240963855421686,
  "ece": 0.0641421686746988,
  "mean_conf": 0.16382409638554216,
  "latency_median_ms": 666.3630999391899,
  "latency_p90_ms": 718.9231999218464,
  "routed_to": [
    "typed-decisions"
  ],
  "mean_input_tokens": 216.60542168674698
}
  50/332
  100/332
  150/332
  200/332
  250/332
  300/332
{
  "predictor": "laya[typed-decisions,text]",
  "set": "k16",
  "n": 332,
  "mean_options": 15.30722891566265,
  "top1": 0.05120481927710843,
  "top3": 0.21686746987951808,
  "acpl": 390.09939759036143,
  "blunder": 0.5421686746987951,
  "ece": 0.24176054216867468,
  "mean_conf": 0.2929653614457831,
  "latency_median_ms": 916.8061498785391,
  "latency_p90_ms": 984.1944999061525,
  "routed_to": [
    "typed-decisions"
  ],
  "mean_input_tokens": 298.2710843373494
}
